Copyright 1986-2022 Xilinx, Inc. All Rights Reserved. Copyright 2022-2025 Advanced Micro Devices, Inc. All Rights Reserved.
--------------------------------------------------------------------------------------------------------------------------------------------------
| Tool Version      : Vivado v.2024.2.2 (lin64) Build 6060944 Thu Mar 06 19:10:09 MST 2025
| Date              : Sat May  9 05:37:37 2026
| Host              : amd running 64-bit Ubuntu 22.04.5 LTS
| Command           : report_timing -nworst 5 -setup -file ./hft_alpha_timing_paths.rpt
| Design            : hft_alpha_pipeline
| Device            : xcu50-fsvh2104
| Speed File        : -2  PRODUCTION 1.30 05-01-2022
| Design State      : Routed
| Temperature Grade : E
--------------------------------------------------------------------------------------------------------------------------------------------------

Timing Report

Slack (MET) :             0.370ns  (required time - arrival time)
  Source:                 u_m0/u_ask/kbest_v0_mem_q_reg[0]/C
                            (rising edge-triggered cell FDRE clocked by clk  {rise@0.000ns fall@1.500ns period=3.000ns})
  Destination:            u_strat/s0_abs_alpha_q_reg[24]/D
                            (rising edge-triggered cell FDCE clocked by clk  {rise@0.000ns fall@1.500ns period=3.000ns})
  Path Group:             clk
  Path Type:              Setup (Max at Slow Process Corner)
  Requirement:            3.000ns  (clk rise@3.000ns - clk rise@0.000ns)
  Data Path Delay:        2.612ns  (logic 1.349ns (51.638%)  route 1.263ns (48.362%))
  Logic Levels:           10  (CARRY8=6 LUT1=1 LUT2=2 LUT3=1)
  Clock Path Skew:        -0.007ns (DCD - SCD + CPR)
    Destination Clock Delay (DCD):    0.021ns = ( 3.021 - 3.000 ) 
    Source Clock Delay      (SCD):    0.028ns
    Clock Pessimism Removal (CPR):    0.000ns
  Clock Uncertainty:      0.035ns  ((TSJ^2 + TIJ^2)^1/2 + DJ) / 2 + PE
    Total System Jitter     (TSJ):    0.071ns
    Total Input Jitter      (TIJ):    0.000ns
    Discrete Jitter          (DJ):    0.000ns
    Phase Error              (PE):    0.000ns

    Location             Delay type                Incr(ns)  Path(ns)    Netlist Resource(s)
  -------------------------------------------------------------------    -------------------
                         (clock clk rise edge)        0.000     0.000 r  
                                                      0.000     0.000 r  clk (IN)
                         net (fo=625, unset)          0.028     0.028    u_m0/u_ask/clk
    SLICE_X144Y115       FDRE                                         r  u_m0/u_ask/kbest_v0_mem_q_reg[0]/C
  -------------------------------------------------------------------    -------------------
    SLICE_X144Y115       FDRE (Prop_BFF_SLICEL_C_Q)
                                                      0.079     0.107 r  u_m0/u_ask/kbest_v0_mem_q_reg[0]/Q
                         net (fo=4, routed)           0.291     0.398    u_m0/u_bid/alpha_w_carry_i_1_0[0]
    SLICE_X141Y111       LUT2 (Prop_A6LUT_SLICEM_I1_O)
                                                      0.100     0.498 r  u_m0/u_bid/alpha_w_carry_i_26/O
                         net (fo=1, routed)           0.013     0.511    u_m0/u_bid/alpha_w_carry_i_26_n_0
    SLICE_X141Y111       CARRY8 (Prop_CARRY8_SLICEM_S[0]_CO[7])
                                                      0.192     0.703 r  u_m0/u_bid/alpha_w_carry_i_2/CO[7]
                         net (fo=1, routed)           0.026     0.729    u_m0/u_bid/alpha_w_carry_i_2_n_0
    SLICE_X141Y112       CARRY8 (Prop_CARRY8_SLICEM_CI_O[3])
                                                      0.082     0.811 r  u_m0/u_bid/alpha_w_carry_i_1/O[3]
                         net (fo=2, routed)           0.388     1.200    u_m0/u_bid/kbest_v0_mem_q_reg[15]_0[5]
    SLICE_X139Y125       LUT2 (Prop_F6LUT_SLICEM_I0_O)
                                                      0.098     1.298 r  u_m0/u_bid/alpha_w_carry_i_5/O
                         net (fo=1, routed)           0.022     1.320    u_strat/s0_alpha_q_reg[7]_0[5]
    SLICE_X139Y125       CARRY8 (Prop_CARRY8_SLICEM_S[5]_CO[7])
                                                      0.159     1.479 r  u_strat/alpha_w_carry/CO[7]
                         net (fo=1, routed)           0.026     1.505    u_strat/alpha_w_carry_n_0
    SLICE_X139Y126       CARRY8 (Prop_CARRY8_SLICEM_CI_O[5])
                                                      0.123     1.628 f  u_strat/alpha_w_carry__0/O[5]
                         net (fo=3, routed)           0.234     1.861    u_strat/alpha_w[13]
    SLICE_X140Y129       LUT1 (Prop_E6LUT_SLICEL_I0_O)
                                                      0.123     1.984 r  u_strat/s0_abs_alpha_q[16]_i_6/O
                         net (fo=1, routed)           0.007     1.991    u_strat/s0_abs_alpha_q[16]_i_6_n_0
    SLICE_X140Y129       CARRY8 (Prop_CARRY8_SLICEL_S[4]_CO[7])
                                                      0.153     2.144 r  u_strat/s0_abs_alpha_q_reg[16]_i_2/CO[7]
                         net (fo=1, routed)           0.026     2.170    u_strat/s0_abs_alpha_q_reg[16]_i_2_n_0
    SLICE_X140Y130       CARRY8 (Prop_CARRY8_SLICEL_CI_O[7])
                                                      0.116     2.286 r  u_strat/s0_abs_alpha_q_reg[24]_i_2/O[7]
                         net (fo=1, routed)           0.175     2.461    u_strat/abs_alpha_w0[24]
    SLICE_X141Y131       LUT3 (Prop_E6LUT_SLICEM_I2_O)
                                                      0.124     2.585 r  u_strat/s0_abs_alpha_q[24]_i_1/O
                         net (fo=1, routed)           0.055     2.640    u_strat/abs_alpha_w[24]
    SLICE_X141Y131       FDCE                                         r  u_strat/s0_abs_alpha_q_reg[24]/D
  -------------------------------------------------------------------    -------------------

                         (clock clk rise edge)        3.000     3.000 r  
                                                      0.000     3.000 r  clk (IN)
                         net (fo=625, unset)          0.021     3.021    u_strat/clk
    SLICE_X141Y131       FDCE                                         r  u_strat/s0_abs_alpha_q_reg[24]/C
                         clock pessimism              0.000     3.021    
                         clock uncertainty           -0.035     2.986    
    SLICE_X141Y131       FDCE (Setup_EFF_SLICEM_C_D)
                                                      0.025     3.011    u_strat/s0_abs_alpha_q_reg[24]
  -------------------------------------------------------------------
                         required time                          3.011    
                         arrival time                          -2.640    
  -------------------------------------------------------------------
                         slack                                  0.370    

Slack (MET) :             0.370ns  (required time - arrival time)
  Source:                 u_m0/u_ask/kbest_v0_mem_q_reg[0]/C
                            (rising edge-triggered cell FDRE clocked by clk  {rise@0.000ns fall@1.500ns period=3.000ns})
  Destination:            u_strat/s0_abs_alpha_q_reg[24]/D
                            (rising edge-triggered cell FDCE clocked by clk  {rise@0.000ns fall@1.500ns period=3.000ns})
  Path Group:             clk
  Path Type:              Setup (Max at Slow Process Corner)
  Requirement:            3.000ns  (clk rise@3.000ns - clk rise@0.000ns)
  Data Path Delay:        2.612ns  (logic 1.349ns (51.638%)  route 1.263ns (48.362%))
  Logic Levels:           10  (CARRY8=6 LUT1=1 LUT2=2 LUT3=1)
  Clock Path Skew:        -0.007ns (DCD - SCD + CPR)
    Destination Clock Delay (DCD):    0.021ns = ( 3.021 - 3.000 ) 
    Source Clock Delay      (SCD):    0.028ns
    Clock Pessimism Removal (CPR):    0.000ns
  Clock Uncertainty:      0.035ns  ((TSJ^2 + TIJ^2)^1/2 + DJ) / 2 + PE
    Total System Jitter     (TSJ):    0.071ns
    Total Input Jitter      (TIJ):    0.000ns
    Discrete Jitter          (DJ):    0.000ns
    Phase Error              (PE):    0.000ns

    Location             Delay type                Incr(ns)  Path(ns)    Netlist Resource(s)
  -------------------------------------------------------------------    -------------------
                         (clock clk rise edge)        0.000     0.000 r  
                                                      0.000     0.000 r  clk (IN)
                         net (fo=625, unset)          0.028     0.028    u_m0/u_ask/clk
    SLICE_X144Y115       FDRE                                         r  u_m0/u_ask/kbest_v0_mem_q_reg[0]/C
  -------------------------------------------------------------------    -------------------
    SLICE_X144Y115       FDRE (Prop_BFF_SLICEL_C_Q)
                                                      0.079     0.107 r  u_m0/u_ask/kbest_v0_mem_q_reg[0]/Q
                         net (fo=4, routed)           0.291     0.398    u_m0/u_bid/alpha_w_carry_i_1_0[0]
    SLICE_X141Y111       LUT2 (Prop_A6LUT_SLICEM_I1_O)
                                                      0.100     0.498 r  u_m0/u_bid/alpha_w_carry_i_26/O
                         net (fo=1, routed)           0.013     0.511    u_m0/u_bid/alpha_w_carry_i_26_n_0
    SLICE_X141Y111       CARRY8 (Prop_CARRY8_SLICEM_S[0]_CO[7])
                                                      0.192     0.703 r  u_m0/u_bid/alpha_w_carry_i_2/CO[7]
                         net (fo=1, routed)           0.026     0.729    u_m0/u_bid/alpha_w_carry_i_2_n_0
    SLICE_X141Y112       CARRY8 (Prop_CARRY8_SLICEM_CI_O[3])
                                                      0.082     0.811 r  u_m0/u_bid/alpha_w_carry_i_1/O[3]
                         net (fo=2, routed)           0.388     1.200    u_m0/u_bid/kbest_v0_mem_q_reg[15]_0[5]
    SLICE_X139Y125       LUT2 (Prop_F6LUT_SLICEM_I0_O)
                                                      0.098     1.298 f  u_m0/u_bid/alpha_w_carry_i_5/O
                         net (fo=1, routed)           0.022     1.320    u_strat/s0_alpha_q_reg[7]_0[5]
    SLICE_X139Y125       CARRY8 (Prop_CARRY8_SLICEM_S[5]_CO[7])
                                                      0.159     1.479 r  u_strat/alpha_w_carry/CO[7]
                         net (fo=1, routed)           0.026     1.505    u_strat/alpha_w_carry_n_0
    SLICE_X139Y126       CARRY8 (Prop_CARRY8_SLICEM_CI_O[5])
                                                      0.123     1.628 f  u_strat/alpha_w_carry__0/O[5]
                         net (fo=3, routed)           0.234     1.861    u_strat/alpha_w[13]
    SLICE_X140Y129       LUT1 (Prop_E6LUT_SLICEL_I0_O)
                                                      0.123     1.984 r  u_strat/s0_abs_alpha_q[16]_i_6/O
                         net (fo=1, routed)           0.007     1.991    u_strat/s0_abs_alpha_q[16]_i_6_n_0
    SLICE_X140Y129       CARRY8 (Prop_CARRY8_SLICEL_S[4]_CO[7])
                                                      0.153     2.144 r  u_strat/s0_abs_alpha_q_reg[16]_i_2/CO[7]
                         net (fo=1, routed)           0.026     2.170    u_strat/s0_abs_alpha_q_reg[16]_i_2_n_0
    SLICE_X140Y130       CARRY8 (Prop_CARRY8_SLICEL_CI_O[7])
                                                      0.116     2.286 r  u_strat/s0_abs_alpha_q_reg[24]_i_2/O[7]
                         net (fo=1, routed)           0.175     2.461    u_strat/abs_alpha_w0[24]
    SLICE_X141Y131       LUT3 (Prop_E6LUT_SLICEM_I2_O)
                                                      0.124     2.585 r  u_strat/s0_abs_alpha_q[24]_i_1/O
                         net (fo=1, routed)           0.055     2.640    u_strat/abs_alpha_w[24]
    SLICE_X141Y131       FDCE                                         r  u_strat/s0_abs_alpha_q_reg[24]/D
  -------------------------------------------------------------------    -------------------

                         (clock clk rise edge)        3.000     3.000 r  
                                                      0.000     3.000 r  clk (IN)
                         net (fo=625, unset)          0.021     3.021    u_strat/clk
    SLICE_X141Y131       FDCE                                         r  u_strat/s0_abs_alpha_q_reg[24]/C
                         clock pessimism              0.000     3.021    
                         clock uncertainty           -0.035     2.986    
    SLICE_X141Y131       FDCE (Setup_EFF_SLICEM_C_D)
                                                      0.025     3.011    u_strat/s0_abs_alpha_q_reg[24]
  -------------------------------------------------------------------
                         required time                          3.011    
                         arrival time                          -2.640    
  -------------------------------------------------------------------
                         slack                                  0.370    

Slack (MET) :             0.370ns  (required time - arrival time)
  Source:                 u_m0/u_ask/kbest_v0_mem_q_reg[0]/C
                            (rising edge-triggered cell FDRE clocked by clk  {rise@0.000ns fall@1.500ns period=3.000ns})
  Destination:            u_strat/s0_abs_alpha_q_reg[24]/D
                            (rising edge-triggered cell FDCE clocked by clk  {rise@0.000ns fall@1.500ns period=3.000ns})
  Path Group:             clk
  Path Type:              Setup (Max at Slow Process Corner)
  Requirement:            3.000ns  (clk rise@3.000ns - clk rise@0.000ns)
  Data Path Delay:        2.612ns  (logic 1.349ns (51.638%)  route 1.263ns (48.362%))
  Logic Levels:           10  (CARRY8=6 LUT1=1 LUT2=2 LUT3=1)
  Clock Path Skew:        -0.007ns (DCD - SCD + CPR)
    Destination Clock Delay (DCD):    0.021ns = ( 3.021 - 3.000 ) 
    Source Clock Delay      (SCD):    0.028ns
    Clock Pessimism Removal (CPR):    0.000ns
  Clock Uncertainty:      0.035ns  ((TSJ^2 + TIJ^2)^1/2 + DJ) / 2 + PE
    Total System Jitter     (TSJ):    0.071ns
    Total Input Jitter      (TIJ):    0.000ns
    Discrete Jitter          (DJ):    0.000ns
    Phase Error              (PE):    0.000ns

    Location             Delay type                Incr(ns)  Path(ns)    Netlist Resource(s)
  -------------------------------------------------------------------    -------------------
                         (clock clk rise edge)        0.000     0.000 r  
                                                      0.000     0.000 r  clk (IN)
                         net (fo=625, unset)          0.028     0.028    u_m0/u_ask/clk
    SLICE_X144Y115       FDRE                                         r  u_m0/u_ask/kbest_v0_mem_q_reg[0]/C
  -------------------------------------------------------------------    -------------------
    SLICE_X144Y115       FDRE (Prop_BFF_SLICEL_C_Q)
                                                      0.079     0.107 r  u_m0/u_ask/kbest_v0_mem_q_reg[0]/Q
                         net (fo=4, routed)           0.291     0.398    u_m0/u_bid/alpha_w_carry_i_1_0[0]
    SLICE_X141Y111       LUT2 (Prop_A6LUT_SLICEM_I1_O)
                                                      0.100     0.498 r  u_m0/u_bid/alpha_w_carry_i_26/O
                         net (fo=1, routed)           0.013     0.511    u_m0/u_bid/alpha_w_carry_i_26_n_0
    SLICE_X141Y111       CARRY8 (Prop_CARRY8_SLICEM_S[0]_CO[7])
                                                      0.192     0.703 f  u_m0/u_bid/alpha_w_carry_i_2/CO[7]
                         net (fo=1, routed)           0.026     0.729    u_m0/u_bid/alpha_w_carry_i_2_n_0
    SLICE_X141Y112       CARRY8 (Prop_CARRY8_SLICEM_CI_O[3])
                                                      0.082     0.811 r  u_m0/u_bid/alpha_w_carry_i_1/O[3]
                         net (fo=2, routed)           0.388     1.200    u_m0/u_bid/kbest_v0_mem_q_reg[15]_0[5]
    SLICE_X139Y125       LUT2 (Prop_F6LUT_SLICEM_I0_O)
                                                      0.098     1.298 f  u_m0/u_bid/alpha_w_carry_i_5/O
                         net (fo=1, routed)           0.022     1.320    u_strat/s0_alpha_q_reg[7]_0[5]
    SLICE_X139Y125       CARRY8 (Prop_CARRY8_SLICEM_S[5]_CO[7])
                                                      0.159     1.479 r  u_strat/alpha_w_carry/CO[7]
                         net (fo=1, routed)           0.026     1.505    u_strat/alpha_w_carry_n_0
    SLICE_X139Y126       CARRY8 (Prop_CARRY8_SLICEM_CI_O[5])
                                                      0.123     1.628 f  u_strat/alpha_w_carry__0/O[5]
                         net (fo=3, routed)           0.234     1.861    u_strat/alpha_w[13]
    SLICE_X140Y129       LUT1 (Prop_E6LUT_SLICEL_I0_O)
                                                      0.123     1.984 r  u_strat/s0_abs_alpha_q[16]_i_6/O
                         net (fo=1, routed)           0.007     1.991    u_strat/s0_abs_alpha_q[16]_i_6_n_0
    SLICE_X140Y129       CARRY8 (Prop_CARRY8_SLICEL_S[4]_CO[7])
                                                      0.153     2.144 r  u_strat/s0_abs_alpha_q_reg[16]_i_2/CO[7]
                         net (fo=1, routed)           0.026     2.170    u_strat/s0_abs_alpha_q_reg[16]_i_2_n_0
    SLICE_X140Y130       CARRY8 (Prop_CARRY8_SLICEL_CI_O[7])
                                                      0.116     2.286 r  u_strat/s0_abs_alpha_q_reg[24]_i_2/O[7]
                         net (fo=1, routed)           0.175     2.461    u_strat/abs_alpha_w0[24]
    SLICE_X141Y131       LUT3 (Prop_E6LUT_SLICEM_I2_O)
                                                      0.124     2.585 r  u_strat/s0_abs_alpha_q[24]_i_1/O
                         net (fo=1, routed)           0.055     2.640    u_strat/abs_alpha_w[24]
    SLICE_X141Y131       FDCE                                         r  u_strat/s0_abs_alpha_q_reg[24]/D
  -------------------------------------------------------------------    -------------------

                         (clock clk rise edge)        3.000     3.000 r  
                                                      0.000     3.000 r  clk (IN)
                         net (fo=625, unset)          0.021     3.021    u_strat/clk
    SLICE_X141Y131       FDCE                                         r  u_strat/s0_abs_alpha_q_reg[24]/C
                         clock pessimism              0.000     3.021    
                         clock uncertainty           -0.035     2.986    
    SLICE_X141Y131       FDCE (Setup_EFF_SLICEM_C_D)
                                                      0.025     3.011    u_strat/s0_abs_alpha_q_reg[24]
  -------------------------------------------------------------------
                         required time                          3.011    
                         arrival time                          -2.640    
  -------------------------------------------------------------------
                         slack                                  0.370    

Slack (MET) :             0.370ns  (required time - arrival time)
  Source:                 u_m0/u_ask/kbest_v0_mem_q_reg[0]/C
                            (rising edge-triggered cell FDRE clocked by clk  {rise@0.000ns fall@1.500ns period=3.000ns})
  Destination:            u_strat/s0_abs_alpha_q_reg[24]/D
                            (rising edge-triggered cell FDCE clocked by clk  {rise@0.000ns fall@1.500ns period=3.000ns})
  Path Group:             clk
  Path Type:              Setup (Max at Slow Process Corner)
  Requirement:            3.000ns  (clk rise@3.000ns - clk rise@0.000ns)
  Data Path Delay:        2.612ns  (logic 1.349ns (51.638%)  route 1.263ns (48.362%))
  Logic Levels:           10  (CARRY8=6 LUT1=1 LUT2=2 LUT3=1)
  Clock Path Skew:        -0.007ns (DCD - SCD + CPR)
    Destination Clock Delay (DCD):    0.021ns = ( 3.021 - 3.000 ) 
    Source Clock Delay      (SCD):    0.028ns
    Clock Pessimism Removal (CPR):    0.000ns
  Clock Uncertainty:      0.035ns  ((TSJ^2 + TIJ^2)^1/2 + DJ) / 2 + PE
    Total System Jitter     (TSJ):    0.071ns
    Total Input Jitter      (TIJ):    0.000ns
    Discrete Jitter          (DJ):    0.000ns
    Phase Error              (PE):    0.000ns

    Location             Delay type                Incr(ns)  Path(ns)    Netlist Resource(s)
  -------------------------------------------------------------------    -------------------
                         (clock clk rise edge)        0.000     0.000 r  
                                                      0.000     0.000 r  clk (IN)
                         net (fo=625, unset)          0.028     0.028    u_m0/u_ask/clk
    SLICE_X144Y115       FDRE                                         r  u_m0/u_ask/kbest_v0_mem_q_reg[0]/C
  -------------------------------------------------------------------    -------------------
    SLICE_X144Y115       FDRE (Prop_BFF_SLICEL_C_Q)
                                                      0.079     0.107 r  u_m0/u_ask/kbest_v0_mem_q_reg[0]/Q
                         net (fo=4, routed)           0.291     0.398    u_m0/u_bid/alpha_w_carry_i_1_0[0]
    SLICE_X141Y111       LUT2 (Prop_A6LUT_SLICEM_I1_O)
                                                      0.100     0.498 r  u_m0/u_bid/alpha_w_carry_i_26/O
                         net (fo=1, routed)           0.013     0.511    u_m0/u_bid/alpha_w_carry_i_26_n_0
    SLICE_X141Y111       CARRY8 (Prop_CARRY8_SLICEM_S[0]_CO[7])
                                                      0.192     0.703 r  u_m0/u_bid/alpha_w_carry_i_2/CO[7]
                         net (fo=1, routed)           0.026     0.729    u_m0/u_bid/alpha_w_carry_i_2_n_0
    SLICE_X141Y112       CARRY8 (Prop_CARRY8_SLICEM_CI_O[3])
                                                      0.082     0.811 r  u_m0/u_bid/alpha_w_carry_i_1/O[3]
                         net (fo=2, routed)           0.388     1.200    u_m0/u_bid/kbest_v0_mem_q_reg[15]_0[5]
    SLICE_X139Y125       LUT2 (Prop_F6LUT_SLICEM_I0_O)
                                                      0.098     1.298 r  u_m0/u_bid/alpha_w_carry_i_5/O
                         net (fo=1, routed)           0.022     1.320    u_strat/s0_alpha_q_reg[7]_0[5]
    SLICE_X139Y125       CARRY8 (Prop_CARRY8_SLICEM_S[5]_CO[7])
                                                      0.159     1.479 f  u_strat/alpha_w_carry/CO[7]
                         net (fo=1, routed)           0.026     1.505    u_strat/alpha_w_carry_n_0
    SLICE_X139Y126       CARRY8 (Prop_CARRY8_SLICEM_CI_O[5])
                                                      0.123     1.628 f  u_strat/alpha_w_carry__0/O[5]
                         net (fo=3, routed)           0.234     1.861    u_strat/alpha_w[13]
    SLICE_X140Y129       LUT1 (Prop_E6LUT_SLICEL_I0_O)
                                                      0.123     1.984 r  u_strat/s0_abs_alpha_q[16]_i_6/O
                         net (fo=1, routed)           0.007     1.991    u_strat/s0_abs_alpha_q[16]_i_6_n_0
    SLICE_X140Y129       CARRY8 (Prop_CARRY8_SLICEL_S[4]_CO[7])
                                                      0.153     2.144 r  u_strat/s0_abs_alpha_q_reg[16]_i_2/CO[7]
                         net (fo=1, routed)           0.026     2.170    u_strat/s0_abs_alpha_q_reg[16]_i_2_n_0
    SLICE_X140Y130       CARRY8 (Prop_CARRY8_SLICEL_CI_O[7])
                                                      0.116     2.286 r  u_strat/s0_abs_alpha_q_reg[24]_i_2/O[7]
                         net (fo=1, routed)           0.175     2.461    u_strat/abs_alpha_w0[24]
    SLICE_X141Y131       LUT3 (Prop_E6LUT_SLICEM_I2_O)
                                                      0.124     2.585 r  u_strat/s0_abs_alpha_q[24]_i_1/O
                         net (fo=1, routed)           0.055     2.640    u_strat/abs_alpha_w[24]
    SLICE_X141Y131       FDCE                                         r  u_strat/s0_abs_alpha_q_reg[24]/D
  -------------------------------------------------------------------    -------------------

                         (clock clk rise edge)        3.000     3.000 r  
                                                      0.000     3.000 r  clk (IN)
                         net (fo=625, unset)          0.021     3.021    u_strat/clk
    SLICE_X141Y131       FDCE                                         r  u_strat/s0_abs_alpha_q_reg[24]/C
                         clock pessimism              0.000     3.021    
                         clock uncertainty           -0.035     2.986    
    SLICE_X141Y131       FDCE (Setup_EFF_SLICEM_C_D)
                                                      0.025     3.011    u_strat/s0_abs_alpha_q_reg[24]
  -------------------------------------------------------------------
                         required time                          3.011    
                         arrival time                          -2.640    
  -------------------------------------------------------------------
                         slack                                  0.370    

Slack (MET) :             0.370ns  (required time - arrival time)
  Source:                 u_m0/u_ask/kbest_v0_mem_q_reg[0]/C
                            (rising edge-triggered cell FDRE clocked by clk  {rise@0.000ns fall@1.500ns period=3.000ns})
  Destination:            u_strat/s0_abs_alpha_q_reg[24]/D
                            (rising edge-triggered cell FDCE clocked by clk  {rise@0.000ns fall@1.500ns period=3.000ns})
  Path Group:             clk
  Path Type:              Setup (Max at Slow Process Corner)
  Requirement:            3.000ns  (clk rise@3.000ns - clk rise@0.000ns)
  Data Path Delay:        2.612ns  (logic 1.349ns (51.638%)  route 1.263ns (48.362%))
  Logic Levels:           10  (CARRY8=6 LUT1=1 LUT2=2 LUT3=1)
  Clock Path Skew:        -0.007ns (DCD - SCD + CPR)
    Destination Clock Delay (DCD):    0.021ns = ( 3.021 - 3.000 ) 
    Source Clock Delay      (SCD):    0.028ns
    Clock Pessimism Removal (CPR):    0.000ns
  Clock Uncertainty:      0.035ns  ((TSJ^2 + TIJ^2)^1/2 + DJ) / 2 + PE
    Total System Jitter     (TSJ):    0.071ns
    Total Input Jitter      (TIJ):    0.000ns
    Discrete Jitter          (DJ):    0.000ns
    Phase Error              (PE):    0.000ns

    Location             Delay type                Incr(ns)  Path(ns)    Netlist Resource(s)
  -------------------------------------------------------------------    -------------------
                         (clock clk rise edge)        0.000     0.000 r  
                                                      0.000     0.000 r  clk (IN)
                         net (fo=625, unset)          0.028     0.028    u_m0/u_ask/clk
    SLICE_X144Y115       FDRE                                         r  u_m0/u_ask/kbest_v0_mem_q_reg[0]/C
  -------------------------------------------------------------------    -------------------
    SLICE_X144Y115       FDRE (Prop_BFF_SLICEL_C_Q)
                                                      0.079     0.107 r  u_m0/u_ask/kbest_v0_mem_q_reg[0]/Q
                         net (fo=4, routed)           0.291     0.398    u_m0/u_bid/alpha_w_carry_i_1_0[0]
    SLICE_X141Y111       LUT2 (Prop_A6LUT_SLICEM_I1_O)
                                                      0.100     0.498 r  u_m0/u_bid/alpha_w_carry_i_26/O
                         net (fo=1, routed)           0.013     0.511    u_m0/u_bid/alpha_w_carry_i_26_n_0
    SLICE_X141Y111       CARRY8 (Prop_CARRY8_SLICEM_S[0]_CO[7])
                                                      0.192     0.703 r  u_m0/u_bid/alpha_w_carry_i_2/CO[7]
                         net (fo=1, routed)           0.026     0.729    u_m0/u_bid/alpha_w_carry_i_2_n_0
    SLICE_X141Y112       CARRY8 (Prop_CARRY8_SLICEM_CI_O[3])
                                                      0.082     0.811 r  u_m0/u_bid/alpha_w_carry_i_1/O[3]
                         net (fo=2, routed)           0.388     1.200    u_m0/u_bid/kbest_v0_mem_q_reg[15]_0[5]
    SLICE_X139Y125       LUT2 (Prop_F6LUT_SLICEM_I0_O)
                                                      0.098     1.298 f  u_m0/u_bid/alpha_w_carry_i_5/O
                         net (fo=1, routed)           0.022     1.320    u_strat/s0_alpha_q_reg[7]_0[5]
    SLICE_X139Y125       CARRY8 (Prop_CARRY8_SLICEM_S[5]_CO[7])
                                                      0.159     1.479 f  u_strat/alpha_w_carry/CO[7]
                         net (fo=1, routed)           0.026     1.505    u_strat/alpha_w_carry_n_0
    SLICE_X139Y126       CARRY8 (Prop_CARRY8_SLICEM_CI_O[5])
                                                      0.123     1.628 f  u_strat/alpha_w_carry__0/O[5]
                         net (fo=3, routed)           0.234     1.861    u_strat/alpha_w[13]
    SLICE_X140Y129       LUT1 (Prop_E6LUT_SLICEL_I0_O)
                                                      0.123     1.984 r  u_strat/s0_abs_alpha_q[16]_i_6/O
                         net (fo=1, routed)           0.007     1.991    u_strat/s0_abs_alpha_q[16]_i_6_n_0
    SLICE_X140Y129       CARRY8 (Prop_CARRY8_SLICEL_S[4]_CO[7])
                                                      0.153     2.144 r  u_strat/s0_abs_alpha_q_reg[16]_i_2/CO[7]
                         net (fo=1, routed)           0.026     2.170    u_strat/s0_abs_alpha_q_reg[16]_i_2_n_0
    SLICE_X140Y130       CARRY8 (Prop_CARRY8_SLICEL_CI_O[7])
                                                      0.116     2.286 r  u_strat/s0_abs_alpha_q_reg[24]_i_2/O[7]
                         net (fo=1, routed)           0.175     2.461    u_strat/abs_alpha_w0[24]
    SLICE_X141Y131       LUT3 (Prop_E6LUT_SLICEM_I2_O)
                                                      0.124     2.585 r  u_strat/s0_abs_alpha_q[24]_i_1/O
                         net (fo=1, routed)           0.055     2.640    u_strat/abs_alpha_w[24]
    SLICE_X141Y131       FDCE                                         r  u_strat/s0_abs_alpha_q_reg[24]/D
  -------------------------------------------------------------------    -------------------

                         (clock clk rise edge)        3.000     3.000 r  
                                                      0.000     3.000 r  clk (IN)
                         net (fo=625, unset)          0.021     3.021    u_strat/clk
    SLICE_X141Y131       FDCE                                         r  u_strat/s0_abs_alpha_q_reg[24]/C
                         clock pessimism              0.000     3.021    
                         clock uncertainty           -0.035     2.986    
    SLICE_X141Y131       FDCE (Setup_EFF_SLICEM_C_D)
                                                      0.025     3.011    u_strat/s0_abs_alpha_q_reg[24]
  -------------------------------------------------------------------
                         required time                          3.011    
                         arrival time                          -2.640    
  -------------------------------------------------------------------
                         slack                                  0.370    




